[INFO] Scanning for projects...
[INFO] 
[INFO] --------------------< com.habitiq:habitiq-backend >---------------------
[INFO] Building HabitIQ Backend 1.0.0
[INFO]   from pom.xml
[INFO] --------------------------------[ jar ]---------------------------------
[INFO] 
[INFO] --- resources:3.3.1:resources (default-resources) @ habitiq-backend ---
[INFO] Copying 1 resource from src\main\resources to target\classes
[INFO] Copying 0 resource from src\main\resources to target\classes
[INFO] 
[INFO] --- compiler:3.11.0:compile (default-compile) @ habitiq-backend ---
[INFO] Changes detected - recompiling the module! :source
[INFO] Compiling 54 source files with javac [debug release 17] to target\classes
[INFO] Annotation processing is enabled because one or more processors were found
  on the class path. A future release of javac may disable annotation processing
  unless at least one processor is specified by name (-processor), or a search
  path is specified (--processor-path, --processor-module-path), or annotation
  processing is enabled explicitly (-proc:only, -proc:full).
  Use -Xlint:-options to suppress this message.
  Use -proc:none to disable annotation processing.
[INFO] -------------------------------------------------------------
[ERROR] COMPILATION ERROR : 
[INFO] -------------------------------------------------------------
[ERROR] /C:/Users/smrit/OneDrive/Desktop/Smrithi/3-2/springboot/HabitTracker/backend/src/main/java/com/habitiq/entity/HabitTemplate.java:[29,13] cannot find symbol
  symbol:   class Difficulty
  location: class com.habitiq.entity.HabitTemplate
[ERROR] /C:/Users/smrit/OneDrive/Desktop/Smrithi/3-2/springboot/HabitTracker/backend/src/main/java/com/habitiq/entity/HabitTemplate.java:[34,13] cannot find symbol
  symbol:   class Frequency
  location: class com.habitiq.entity.HabitTemplate
[ERROR] /C:/Users/smrit/OneDrive/Desktop/Smrithi/3-2/springboot/HabitTracker/backend/src/main/java/com/habitiq/entity/HabitTemplate.java:[9,56] cannot find symbol
  symbol:   class Difficulty
  location: class com.habitiq.entity.HabitTemplate
[ERROR] /C:/Users/smrit/OneDrive/Desktop/Smrithi/3-2/springboot/HabitTracker/backend/src/main/java/com/habitiq/entity/HabitTemplate.java:[29,24] cannot find symbol
  symbol:   class Difficulty
  location: class com.habitiq.entity.HabitTemplate
[ERROR] /C:/Users/smrit/OneDrive/Desktop/Smrithi/3-2/springboot/HabitTracker/backend/src/main/java/com/habitiq/entity/HabitTemplate.java:[34,23] cannot find symbol
  symbol:   class Frequency
  location: class com.habitiq.entity.HabitTemplate
[ERROR] /C:/Users/smrit/OneDrive/Desktop/Smrithi/3-2/springboot/HabitTracker/backend/src/main/java/com/habitiq/entity/HabitTemplate.java:[9,9] cannot find symbol
  symbol:   class Difficulty
  location: class com.habitiq.entity.HabitTemplate
[ERROR] /C:/Users/smrit/OneDrive/Desktop/Smrithi/3-2/springboot/HabitTracker/backend/src/main/java/com/habitiq/entity/HabitTemplate.java:[9,36] cannot find symbol
  symbol:   class Difficulty
  location: class com.habitiq.entity.HabitTemplate
[INFO] 7 errors 
[INFO] -------------------------------------------------------------
[INFO] ------------------------------------------------------------------------
[INFO] BUILD FAILURE
[INFO] ------------------------------------------------------------------------
[INFO] Total time:  14.390 s
[INFO] Finished at: 2026-03-26T09:02:04+05:30
[INFO] ------------------------------------------------------------------------
[ERROR] Failed to execute goal org.apache.maven.plugins:maven-compiler-plugin:3.11.0:compile (default-compile) on project habitiq-backend: Compilation failure: Compilation failure: 
[ERROR] /C:/Users/smrit/OneDrive/Desktop/Smrithi/3-2/springboot/HabitTracker/backend/src/main/java/com/habitiq/entity/HabitTemplate.java:[29,13] cannot find symbol
[ERROR]   symbol:   class Difficulty
[ERROR]   location: class com.habitiq.entity.HabitTemplate
[ERROR] /C:/Users/smrit/OneDrive/Desktop/Smrithi/3-2/springboot/HabitTracker/backend/src/main/java/com/habitiq/entity/HabitTemplate.java:[34,13] cannot find symbol
[ERROR]   symbol:   class Frequency
[ERROR]   location: class com.habitiq.entity.HabitTemplate
[ERROR] /C:/Users/smrit/OneDrive/Desktop/Smrithi/3-2/springboot/HabitTracker/backend/src/main/java/com/habitiq/entity/HabitTemplate.java:[9,56] cannot find symbol
[ERROR]   symbol:   class Difficulty
[ERROR]   location: class com.habitiq.entity.HabitTemplate
[ERROR] /C:/Users/smrit/OneDrive/Desktop/Smrithi/3-2/springboot/HabitTracker/backend/src/main/java/com/habitiq/entity/HabitTemplate.java:[29,24] cannot find symbol
[ERROR]   symbol:   class Difficulty
[ERROR]   location: class com.habitiq.entity.HabitTemplate
[ERROR] /C:/Users/smrit/OneDrive/Desktop/Smrithi/3-2/springboot/HabitTracker/backend/src/main/java/com/habitiq/entity/HabitTemplate.java:[34,23] cannot find symbol
[ERROR]   symbol:   class Frequency
[ERROR]   location: class com.habitiq.entity.HabitTemplate
[ERROR] /C:/Users/smrit/OneDrive/Desktop/Smrithi/3-2/springboot/HabitTracker/backend/src/main/java/com/habitiq/entity/HabitTemplate.java:[9,9] cannot find symbol
[ERROR]   symbol:   class Difficulty
[ERROR]   location: class com.habitiq.entity.HabitTemplate
[ERROR] /C:/Users/smrit/OneDrive/Desktop/Smrithi/3-2/springboot/HabitTracker/backend/src/main/java/com/habitiq/entity/HabitTemplate.java:[9,36] cannot find symbol
[ERROR]   symbol:   class Difficulty
[ERROR]   location: class com.habitiq.entity.HabitTemplate
[ERROR] -> [Help 1]
[ERROR] 
[ERROR] To see the full stack trace of the errors, re-run Maven with the -e switch.
[ERROR] Re-run Maven using the -X switch to enable full debug logging.
[ERROR] 
[ERROR] For more information about the errors and possible solutions, please read the following articles:
[ERROR] [Help 1] http://cwiki.apache.org/confluence/display/MAVEN/MojoFailureException
